Welcome to Git (version 1.9.5-preview20150319)


Run 'git help git' to display the help index.
Run 'git help <command>' to display help for specific commands.

Nick@SKARE-PC ~/Documents/PersonalPlannerStable1 (master)
$ git remote -v

Nick@SKARE-PC ~/Documents/PersonalPlannerStable1 (master)
$ git remote add origin https://github.com/Matt-Skare-PersonalPlannerStable1.gi
t

Nick@SKARE-PC ~/Documents/PersonalPlannerStable1 (master)
$ get remote -v
sh.exe": get: command not found

Nick@SKARE-PC ~/Documents/PersonalPlannerStable1 (master)
$ git push -u origin master
fatal: repository 'https://github.com/Matt-Skare-PersonalPlannerStable1.git/' no
t found

Nick@SKARE-PC ~/Documents/PersonalPlannerStable1 (master)
$ get remote rm origin
sh.exe": get: command not found

Nick@SKARE-PC ~/Documents/PersonalPlannerStable1 (master)
$ git remote rm origin

Nick@SKARE-PC ~/Documents/PersonalPlannerStable1 (master)
$ git remote add origin https://github.com/Matt-Skare/PersonalPlannerStable1.gi
t

Nick@SKARE-PC ~/Documents/PersonalPlannerStable1 (master)
$ git remote -v
origin  https://github.com/Matt-Skare/PersonalPlannerStable1.git (fetch)
origin  https://github.com/Matt-Skare/PersonalPlannerStable1.git (push)

Nick@SKARE-PC ~/Documents/PersonalPlannerStable1 (master)
$ git init
Reinitialized existing Git repository in C:/Users/Nick/Documents/PersonalPlanner
Stable1/.git/

Nick@SKARE-PC ~/Documents/PersonalPlannerStable1 (master)
$ git remote -v
origin  https://github.com/Matt-Skare/PersonalPlannerStable1.git (fetch)
origin  https://github.com/Matt-Skare/PersonalPlannerStable1.git (push)

Nick@SKARE-PC ~/Documents/PersonalPlannerStable1 (master)
$ git add README.md
fatal: pathspec 'README.md' did not match any files

Nick@SKARE-PC ~/Documents/PersonalPlannerStable1 (master)
$ echo # PersonalPlannerStable1 >> README.md


Nick@SKARE-PC ~/Documents/PersonalPlannerStable1 (master)
$ git add README.md
fatal: pathspec 'README.md' did not match any files

Nick@SKARE-PC ~/Documents/PersonalPlannerStable1 (master)
$ git commit -m "first commit"
On branch master
Changes not staged for commit:
        modified:   .idea/vcs.xml
        modified:   app/app.iml
        modified:   app/build.gradle
        modified:   app/src/main/java/com/code/mattcolesam/personalplannerstable
1/MainActivity.java

no changes added to commit

Nick@SKARE-PC ~/Documents/PersonalPlannerStable1 (master)
$ git push -u origin master
Username for 'https://github.com': Matt-Skare
Password for 'https://Matt-Skare@github.com':
Counting objects: 68, done.
Delta compression using up to 8 threads.
Compressing objects: 100% (44/44), done.
Writing objects: 100% (68/68), 76.49 KiB | 0 bytes/s, done.
Total 68 (delta 2), reused 0 (delta 0)
To https://github.com/Matt-Skare/PersonalPlannerStable1.git
 * [new branch]      master -> master
Branch master set up to track remote branch master from origin.

Nick@SKARE-PC ~/Documents/PersonalPlannerStable1 (master)
$ git remote -v
origin  https://github.com/Matt-Skare/PersonalPlannerStable1.git (fetch)
origin  https://github.com/Matt-Skare/PersonalPlannerStable1.git (push)

Nick@SKARE-PC ~/Documents/PersonalPlannerStable1 (master)
$ git remote -m "second commit"
error: unknown switch `m'
usage: git remote [-v | --verbose]
   or: git remote add [-t <branch>] [-m <master>] [-f] [--tags|--no-tags] [--mir
ror=<fetch|push>] <name> <url>
   or: git remote rename <old> <new>
   or: git remote remove <name>
   or: git remote set-head <name> (-a | --auto | -d | --delete |<branch>)
   or: git remote [-v | --verbose] show [-n] <name>
   or: git remote prune [-n | --dry-run] <name>
   or: git remote [-v | --verbose] update [-p | --prune] [(<group> | <remote>)..
.]
   or: git remote set-branches [--add] <name> <branch>...
   or: git remote set-url [--push] <name> <newurl> [<oldurl>]
   or: git remote set-url --add <name> <newurl>
   or: git remote set-url --delete <name> <url>

    -v, --verbose         be verbose; must be placed before a subcommand


Nick@SKARE-PC ~/Documents/PersonalPlannerStable1 (master)
$ git commit -m "second commit"
On branch master
Your branch is up-to-date with 'origin/master'.

Changes not staged for commit:
        modified:   .idea/vcs.xml
        modified:   app/app.iml
        modified:   app/build.gradle
        modified:   app/src/main/java/com/code/mattcolesam/personalplannerstable
1/MainActivity.java

no changes added to commit

Nick@SKARE-PC ~/Documents/PersonalPlannerStable1 (master)
$ git status -s
 M .idea/vcs.xml
 M app/app.iml
 M app/build.gradle
 M app/src/main/java/com/code/mattcolesam/personalplannerstable1/MainActivity.ja
va

Nick@SKARE-PC ~/Documents/PersonalPlannerStable1 (master)
$ git add .
warning: LF will be replaced by CRLF in .idea/vcs.xml.
The file will have its original line endings in your working directory.
warning: LF will be replaced by CRLF in app/app.iml.
The file will have its original line endings in your working directory.

Nick@SKARE-PC ~/Documents/PersonalPlannerStable1 (master)
$ git commit -m "fourth commit"
[master warning: LF will be replaced by CRLF in .idea/vcs.xml.
The file will have its original line endings in your working directory.
warning: LF will be replaced by CRLF in app/app.iml.
The file will have its original line endings in your working directory.
bca5e43] fourth commit
warning: LF will be replaced by CRLF in .idea/vcs.xml.
The file will have its original line endings in your working directory.
warning: LF will be replaced by CRLF in app/app.iml.
The file will have its original line endings in your working directory.
 4 files changed, 16 insertions(+), 20 deletions(-)

Nick@SKARE-PC ~/Documents/PersonalPlannerStable1 (master)
$ git push origin master
Username for 'https://github.com': Matt-Skare
Password for 'https://Matt-Skare@github.com':
Counting objects: 29, done.
Delta compression using up to 8 threads.
Compressing objects: 100% (10/10), done.
Writing objects: 100% (15/15), 1.23 KiB | 0 bytes/s, done.
Total 15 (delta 6), reused 0 (delta 0)
To https://github.com/Matt-Skare/PersonalPlannerStable1.git
   651d9ba..bca5e43  master -> master

Nick@SKARE-PC ~/Documents/PersonalPlannerStable1 (master)
$